.
├── MotionLoRA
│   └── v2_lora_ZoomIn.ckpt
├── Motion_Module
│   └── mm_sd_v15_v2.ckpt
├── checkpoint_files.txt
├── dreambooth_lora
│   └── toonyou_beta3.ckpt
└── stable_diffusion
    └── sd_v1.5-d0ab7146.ckpt
